BootStrap: 011.0;
BootStrap: 011.12;
BootStrap: 011.24;
Point;100;120;140;160;180;200;220;240;260;280;300;320;340;360;380;400;420;440;460;480;500;520;540;560;580;600;620;640;660;680;700;720;740;760;780;800;820;840;860;880;900;
010.17;88;47;78;66;82;98;77;54;35;26;7;1;0;0;0;0;0;0;0;0;0;12;5;12;14;7;17;18;29;12;26;34;64;16;4;2;4;0;0;0;0;
010.14;11;53;22;33;17;2;22;44;64;72;92;99;100;100;100;100;100;100;100;100;100;88;95;88;86;93;83;81;61;80;72;56;29;67;62;40;26;11;7;6;0;
010.34;1;0;1;1;1;0;1;2;1;2;1;0;0;0;0;0;0;0;0;0;0;0;0;0;0;0;1;1;14;10;2;12;8;17;35;59;71;89;93;94;100;

Point;100;120;140;160;180;200;220;240;260;280;300;320;340;360;380;400;420;440;460;480;500;520;540;560;580;600;620;640;660;680;700;720;740;760;780;800;820;840;860;880;900;
010.14;87;100;94;98;88;92;89;98;96;98;99;100;100;100;100;100;100;100;100;100;100;100;100;100;100;100;100;99;88;91;98;85;84;81;66;42;29;11;7;6;0;
010.34;13;0;6;3;13;8;11;2;4;2;1;0;0;0;0;0;0;0;0;0;0;0;0;0;0;0;1;1;17;11;2;17;17;19;35;59;72;89;93;94;100;

BootStrap: 011.37;
BootStrap: 011.54;
BootStrap: 011.81;
Point;100;120;140;160;180;200;220;240;260;280;300;320;340;360;380;400;420;440;460;480;500;520;540;560;580;600;620;640;660;680;700;720;740;760;780;800;820;840;860;880;900;
010.14;67;56;61;70;37;31;24;13;10;4;5;3;2;0;2;1;0;0;0;0;0;0;0;0;4;0;3;0;1;0;0;0;0;0;0;0;0;0;0;1;0;
010.80;33;44;40;30;63;69;76;87;90;96;95;97;98;100;98;99;100;100;100;100;100;100;100;100;97;100;97;100;99;100;100;100;100;100;100;100;100;100;100;99;100;

BootStrap: 011.94;
BootStrap: 011.95;
BootStrap: 012.18;
Point;100;120;140;160;180;200;220;240;260;280;300;320;340;360;380;400;420;440;460;480;500;520;540;560;580;600;620;640;660;680;700;720;740;760;780;800;820;840;860;880;900;
011.24;100;93;100;99;99;100;100;99;97;94;85;86;68;69;88;45;33;39;48;84;99;100;99;100;98;95;99;93;99;96;84;30;28;19;8;5;3;7;0;1;0;
010.14;0;7;0;1;1;0;0;1;3;6;15;14;32;31;12;55;68;62;52;16;1;0;1;0;2;5;1;7;1;4;16;70;72;81;92;95;97;93;100;99;100;

Point;100;120;140;160;180;200;220;240;260;280;300;320;340;360;380;400;420;440;460;480;500;520;540;560;580;600;620;640;660;680;700;720;740;760;780;800;820;840;860;880;900;
011.24;100;93;100;99;99;100;100;99;97;94;85;86;68;69;88;45;33;39;48;84;99;100;99;100;98;95;99;93;99;96;84;30;28;19;8;5;3;7;0;1;0;
010.14;0;7;0;1;1;0;0;1;3;6;15;14;32;31;12;55;68;62;52;16;1;0;1;0;2;5;1;7;1;4;16;70;72;81;92;95;97;93;100;99;100;

BootStrap: 012.4;
Point;100;120;140;160;180;200;220;240;260;280;300;320;340;360;380;400;420;440;460;480;500;520;540;560;580;600;620;640;660;680;700;720;740;760;780;800;820;840;860;880;900;
011.95;100;100;100;100;100;100;100;100;100;100;100;100;100;100;100;100;100;100;100;99;92;64;26;1;0;0;0;0;0;0;0;0;0;0;0;0;0;0;0;1;0;
010.14;1;1;0;0;0;0;0;0;0;0;0;0;0;0;0;0;0;0;0;1;8;36;74;99;100;100;100;100;100;100;100;100;100;100;100;100;100;100;100;99;100;

Point;100;120;140;160;180;200;220;240;260;280;300;320;340;360;380;400;420;440;460;480;500;520;540;560;580;600;620;640;660;680;700;720;740;760;780;800;820;840;860;880;900;
011.95;100;100;100;100;100;100;100;100;100;100;100;100;100;100;100;100;100;100;100;99;92;64;26;1;0;0;0;0;0;0;0;0;0;0;0;0;0;0;0;1;0;
010.14;1;1;0;0;0;0;0;0;0;0;0;0;0;0;0;0;0;0;0;1;8;36;74;99;100;100;100;100;100;100;100;100;100;100;100;100;100;100;100;99;100;

BootStrap: 012.53;
Point;100;120;140;160;180;200;220;240;260;280;300;320;340;360;380;400;420;440;460;480;500;520;540;560;580;600;620;640;660;680;700;720;740;760;780;800;820;840;860;880;900;
011.54;95;99;93;77;90;81;45;38;50;33;30;19;18;39;47;69;87;99;98;100;100;100;100;99;100;92;98;78;77;83;79;100;88;72;76;81;91;79;89;92;92;
010.47;5;1;8;23;10;19;54;62;49;65;51;70;47;34;26;19;1;1;0;0;0;0;0;0;0;0;0;2;0;1;1;0;1;0;0;0;0;1;0;1;4;
010.14;0;0;0;0;0;0;1;0;1;2;19;13;37;35;27;13;12;0;2;0;0;0;0;1;0;8;2;21;23;17;21;0;14;34;29;25;13;33;11;7;4;

BootStrap: 012.60;
Point;100;120;140;160;180;200;220;240;260;280;300;320;340;360;380;400;420;440;460;480;500;520;540;560;580;600;620;640;660;680;700;720;740;760;780;800;820;840;860;880;900;
011.95;92;96;100;100;96;93;94;71;71;53;11;4;1;0;6;12;0;0;0;1;7;17;4;2;0;0;0;0;0;0;0;0;0;2;1;1;6;3;2;1;2;
010.14;9;5;0;0;4;7;6;29;29;47;89;96;99;100;94;88;100;100;100;99;93;83;96;98;100;100;100;100;100;100;100;100;100;98;99;99;95;97;98;99;98;

Point;100;120;140;160;180;200;220;240;260;280;300;320;340;360;380;400;420;440;460;480;500;520;540;560;580;600;620;640;660;680;700;720;740;760;780;800;820;840;860;880;900;
011.95;92;96;100;100;96;93;94;71;71;53;11;4;1;0;6;12;0;0;0;1;7;17;4;2;0;0;0;0;0;0;0;0;0;2;1;1;6;3;2;1;2;
010.14;9;5;0;0;4;7;6;29;29;47;89;96;99;100;94;88;100;100;100;99;93;83;96;98;100;100;100;100;100;100;100;100;100;98;99;99;95;97;98;99;98;

BootStrap: 012.72;
BootStrap: 012.73;
BootStrap: 012.86;
Point;100;120;140;160;180;200;220;240;260;280;300;320;340;360;380;400;420;440;460;480;500;520;540;560;580;600;620;640;660;680;700;720;740;760;780;800;820;840;860;880;900;
011.94;96;86;99;96;90;74;38;65;88;92;80;90;80;98;98;100;100;100;100;100;100;100;100;100;91;71;23;10;1;1;0;0;0;0;0;0;0;0;0;1;9;
010.14;5;25;5;8;12;26;62;35;12;8;20;10;20;2;2;0;0;0;0;0;0;0;0;0;9;29;77;90;99;99;100;100;100;100;100;100;100;100;100;99;91;

Point;100;120;140;160;180;200;220;240;260;280;300;320;340;360;380;400;420;440;460;480;500;520;540;560;580;600;620;640;660;680;700;720;740;760;780;800;820;840;860;880;900;
011.94;96;86;99;96;90;74;38;65;88;92;80;90;80;98;98;100;100;100;100;100;100;100;100;100;91;71;23;10;1;1;0;0;0;0;0;0;0;0;0;1;9;
010.14;5;25;5;8;12;26;62;35;12;8;20;10;20;2;2;0;0;0;0;0;0;0;0;0;9;29;77;90;99;99;100;100;100;100;100;100;100;100;100;99;91;

BootStrap: 012.89;
Point;100;120;140;160;180;200;220;240;260;280;300;320;340;360;380;400;420;440;460;480;500;520;540;560;580;600;620;640;660;680;700;720;740;760;780;800;820;840;860;880;900;
011.94;93;86;99;99;100;95;100;100;100;100;100;100;99;100;100;100;100;100;100;99;95;99;99;85;64;38;6;3;1;1;0;0;0;0;0;0;1;0;1;8;8;
010.14;8;25;5;5;1;5;0;0;0;0;0;0;1;0;0;0;0;0;0;1;5;1;1;15;36;62;94;97;99;99;100;100;100;100;100;100;99;100;99;94;93;

Point;100;120;140;160;180;200;220;240;260;280;300;320;340;360;380;400;420;440;460;480;500;520;540;560;580;600;620;640;660;680;700;720;740;760;780;800;820;840;860;880;900;
011.94;93;86;99;99;100;95;100;100;100;100;100;100;99;100;100;100;100;100;100;99;95;99;99;85;64;38;6;3;1;1;0;0;0;0;0;0;1;0;1;8;8;
010.14;8;25;5;5;1;5;0;0;0;0;0;0;1;0;0;0;0;0;0;1;5;1;1;15;36;62;94;97;99;99;100;100;100;100;100;100;99;100;99;94;93;

BootStrap: 013.11;
BootStrap: 013.38;
BootStrap: 013.39;
Point;100;120;140;160;180;200;220;240;260;280;300;320;340;360;380;400;420;440;460;480;500;520;540;560;580;600;620;640;660;680;700;720;740;760;780;800;820;840;860;880;900;
011.37;98;92;92;89;75;74;69;89;49;43;47;55;25;18;25;26;21;2;63;76;84;57;85;74;68;71;62;60;41;5;3;38;39;65;98;98;97;100;98;98;94;
010.33;2;10;15;11;27;26;32;11;51;57;53;45;75;84;77;74;81;100;48;25;18;46;28;38;33;31;43;41;62;100;100;72;70;37;2;2;3;0;2;2;6;

Point;100;120;140;160;180;200;220;240;260;280;300;320;340;360;380;400;420;440;460;480;500;520;540;560;580;600;620;640;660;680;700;720;740;760;780;800;820;840;860;880;900;
011.37;98;92;92;89;75;74;69;89;49;43;47;55;25;18;25;26;21;2;63;76;84;57;85;74;68;71;62;60;41;5;3;38;39;65;98;98;97;100;98;98;94;
010.33;2;10;15;11;27;26;32;11;51;57;53;45;75;84;77;74;81;100;48;25;18;46;28;38;33;31;43;41;62;100;100;72;70;37;2;2;3;0;2;2;6;

BootStrap: 013.52;
BootStrap: 013.66;
Point;100;120;140;160;180;200;220;240;260;280;300;320;340;360;380;400;420;440;460;480;500;520;540;560;580;600;620;640;660;680;700;720;740;760;780;800;820;840;860;880;900;
012.60;65;75;26;29;32;52;46;58;84;89;94;89;93;98;100;100;100;99;100;99;100;100;100;100;100;100;100;100;100;100;100;100;100;100;100;100;100;100;100;100;99;
011.94;35;26;74;73;68;48;54;42;16;11;6;11;7;2;0;0;0;1;0;1;0;0;0;0;0;0;0;0;0;0;0;0;0;0;0;0;0;0;0;0;1;

BootStrap: 013.75;
BootStrap: 013.85;
BootStrap: 013.93;
Point;100;120;140;160;180;200;220;240;260;280;300;320;340;360;380;400;420;440;460;480;500;520;540;560;580;600;620;640;660;680;700;720;740;760;780;800;820;840;860;880;900;
011.94;100;99;99;97;84;68;82;86;96;85;68;99;97;96;75;85;87;89;89;91;76;56;52;24;24;9;0;0;0;0;0;0;0;0;0;0;0;0;0;2;1;
010.33;0;2;1;4;16;32;18;6;1;3;0;0;0;0;0;0;0;0;0;1;6;9;9;24;27;55;68;15;0;6;0;0;0;0;0;0;0;1;0;2;3;
012.89;0;0;0;0;0;0;0;8;3;13;33;1;3;4;26;19;14;11;11;8;19;35;39;52;49;36;32;85;100;94;100;100;100;100;100;100;100;99;100;96;96;

Point;100;120;140;160;180;200;220;240;260;280;300;320;340;360;380;400;420;440;460;480;500;520;540;560;580;600;620;640;660;680;700;720;740;760;780;800;820;840;860;880;900;
011.94;100;100;100;100;100;98;98;92;97;87;68;99;97;96;75;85;87;89;89;92;80;63;56;34;35;15;4;0;0;0;0;0;0;0;0;0;0;0;0;2;1;
012.89;0;0;0;0;0;2;2;8;3;14;33;1;3;4;26;19;14;11;11;8;20;37;44;66;65;85;96;100;100;100;100;100;100;100;100;100;100;100;100;98;99;

BootStrap: 014.10;
Point;100;120;140;160;180;200;220;240;260;280;300;320;340;360;380;400;420;440;460;480;500;520;540;560;580;600;620;640;660;680;700;720;740;760;780;800;820;840;860;880;900;
013.93;100;100;100;100;100;100;100;100;100;100;100;100;100;94;90;88;44;1;0;0;0;0;0;0;0;0;0;0;0;0;0;0;0;0;0;0;1;0;3;0;1;
013.11;0;0;0;0;0;0;0;0;0;0;0;0;0;6;10;12;56;99;100;100;100;100;100;100;100;100;100;100;100;100;100;100;100;100;100;100;99;100;98;100;99;

Point;100;120;140;160;180;200;220;240;260;280;300;320;340;360;380;400;420;440;460;480;500;520;540;560;580;600;620;640;660;680;700;720;740;760;780;800;820;840;860;880;900;
013.93;100;100;100;100;100;100;100;100;100;100;100;100;100;94;90;88;44;1;0;0;0;0;0;0;0;0;0;0;0;0;0;0;0;0;0;0;1;0;3;0;1;
013.11;0;0;0;0;0;0;0;0;0;0;0;0;0;6;10;12;56;99;100;100;100;100;100;100;100;100;100;100;100;100;100;100;100;100;100;100;99;100;98;100;99;

BootStrap: 014.19;
Point;100;120;140;160;180;200;220;240;260;280;300;320;340;360;380;400;420;440;460;480;500;520;540;560;580;600;620;640;660;680;700;720;740;760;780;800;820;840;860;880;900;
011.24;100;100;100;100;100;100;100;100;100;100;100;100;100;100;100;100;100;100;97;82;64;31;16;1;2;0;0;0;0;0;0;0;0;0;0;0;0;0;0;0;0;
012.53;0;0;0;0;0;0;0;0;0;0;0;0;0;0;0;0;0;0;3;18;36;69;84;99;98;100;100;100;100;100;100;100;100;100;100;100;100;100;100;100;100;

Point;100;120;140;160;180;200;220;240;260;280;300;320;340;360;380;400;420;440;460;480;500;520;540;560;580;600;620;640;660;680;700;720;740;760;780;800;820;840;860;880;900;
011.24;100;100;100;100;100;100;100;100;100;100;100;100;100;100;100;100;100;100;97;82;64;31;16;1;2;0;0;0;0;0;0;0;0;0;0;0;0;0;0;0;0;
012.53;0;0;0;0;0;0;0;0;0;0;0;0;0;0;0;0;0;0;3;18;36;69;84;99;98;100;100;100;100;100;100;100;100;100;100;100;100;100;100;100;100;

BootStrap: 014.22;
BootStrap: 014.32;
BootStrap: 014.44;
BootStrap: 014.46;
BootStrap: 014.61;
Point;100;120;140;160;180;200;220;240;260;280;300;320;340;360;380;400;420;440;460;480;500;520;540;560;580;600;620;640;660;680;700;720;740;760;780;800;820;840;860;880;900;
012.4;64;84;98;99;100;64;72;33;19;5;1;0;0;0;0;0;0;0;0;0;0;0;0;1;4;2;13;8;8;5;0;3;1;0;0;0;0;0;0;0;0;
012.60;36;17;2;1;0;36;28;67;81;95;99;100;100;100;100;100;100;100;100;100;100;100;100;99;96;98;87;92;92;95;100;97;99;100;100;100;100;100;100;100;100;

Point;100;120;140;160;180;200;220;240;260;280;300;320;340;360;380;400;420;440;460;480;500;520;540;560;580;600;620;640;660;680;700;720;740;760;780;800;820;840;860;880;900;
012.4;64;84;98;99;100;64;72;33;19;5;1;0;0;0;0;0;0;0;0;0;0;0;0;1;4;2;13;8;8;5;0;3;1;0;0;0;0;0;0;0;0;
012.60;36;17;2;1;0;36;28;67;81;95;99;100;100;100;100;100;100;100;100;100;100;100;100;99;96;98;87;92;92;95;100;97;99;100;100;100;100;100;100;100;100;

BootStrap: 014.63;
Point;100;120;140;160;180;200;220;240;260;280;300;320;340;360;380;400;420;440;460;480;500;520;540;560;580;600;620;640;660;680;700;720;740;760;780;800;820;840;860;880;900;
012.4;63;82;98;97;98;65;74;88;93;69;12;1;2;0;0;0;0;0;0;0;12;53;35;29;27;17;2;1;0;0;0;0;0;1;0;0;0;0;0;3;1;
012.89;0;0;0;0;0;0;0;1;6;30;86;98;97;100;100;100;100;100;100;98;84;23;19;18;11;8;3;1;2;0;0;0;3;1;0;0;0;0;9;24;5;
012.60;37;19;2;3;2;35;26;11;1;1;2;1;1;0;0;0;0;0;0;2;4;24;46;53;63;75;95;98;98;100;100;100;97;98;100;100;100;100;91;73;94;

Point;100;120;140;160;180;200;220;240;260;280;300;320;340;360;380;400;420;440;460;480;500;520;540;560;580;600;620;640;660;680;700;720;740;760;780;800;820;840;860;880;900;
012.4;63;82;98;97;98;65;74;88;93;69;12;1;2;0;0;0;0;0;0;0;12;53;35;29;27;17;2;1;0;0;0;0;0;1;0;0;0;0;0;3;1;
012.89;0;0;0;0;0;0;0;1;6;30;86;98;97;100;100;100;100;100;100;98;84;23;19;18;11;8;3;1;2;0;0;0;3;1;0;0;0;0;9;24;5;
012.60;37;19;2;3;2;35;26;11;1;1;2;1;1;0;0;0;0;0;0;2;4;24;46;53;63;75;95;98;98;100;100;100;97;98;100;100;100;100;91;73;94;

BootStrap: 015.21;
BootStrap: 015.30;
BootStrap: 015.6;
Point;100;120;140;160;180;200;220;240;260;280;300;320;340;360;380;400;420;440;460;480;500;520;540;560;580;600;620;640;660;680;700;720;740;760;780;800;820;840;860;880;900;
014.32;100;100;100;100;100;100;100;100;100;100;100;100;100;100;100;100;100;100;100;100;100;100;100;100;100;100;100;100;100;94;61;34;4;0;0;0;0;0;0;0;11;
010.14;0;0;0;0;0;0;0;0;0;0;0;0;0;0;0;0;0;0;0;0;0;0;0;0;0;0;0;0;0;6;39;66;96;100;100;100;100;100;100;100;89;

Point;100;120;140;160;180;200;220;240;260;280;300;320;340;360;380;400;420;440;460;480;500;520;540;560;580;600;620;640;660;680;700;720;740;760;780;800;820;840;860;880;900;
014.32;100;100;100;100;100;100;100;100;100;100;100;100;100;100;100;100;100;100;100;100;100;100;100;100;100;100;100;100;100;94;61;34;4;0;0;0;0;0;0;0;11;
010.14;0;0;0;0;0;0;0;0;0;0;0;0;0;0;0;0;0;0;0;0;0;0;0;0;0;0;0;0;0;6;39;66;96;100;100;100;100;100;100;100;89;

BootStrap: 015.62;
Point;100;120;140;160;180;200;220;240;260;280;300;320;340;360;380;400;420;440;460;480;500;520;540;560;580;600;620;640;660;680;700;720;740;760;780;800;820;840;860;880;900;
012.86;100;100;100;100;100;100;100;100;99;92;53;29;14;10;1;0;0;0;0;0;0;0;0;0;0;0;0;0;0;0;0;0;0;0;0;0;0;0;0;0;0;
012.89;0;0;0;0;0;0;0;0;1;7;36;57;32;32;49;7;10;1;1;0;1;0;0;0;0;0;0;0;0;0;0;0;0;0;0;0;0;0;0;0;0;
014.63;0;0;0;0;0;0;0;0;0;1;11;14;54;58;52;100;100;100;100;100;100;100;100;100;100;100;100;100;100;100;100;100;100;100;100;100;100;100;100;100;100;

Point;100;120;140;160;180;200;220;240;260;280;300;320;340;360;380;400;420;440;460;480;500;520;540;560;580;600;620;640;660;680;700;720;740;760;780;800;820;840;860;880;900;
012.86;100;100;100;100;100;100;100;100;100;97;75;58;20;17;3;0;0;0;0;0;0;0;0;0;0;0;0;0;0;0;0;0;0;0;0;0;0;0;0;0;0;
014.63;0;0;0;0;0;0;0;0;0;3;25;42;80;83;97;100;100;100;100;100;100;100;100;100;100;100;100;100;100;100;100;100;100;100;100;100;100;100;100;100;100;

BootStrap: 015.76;
BootStrap: 015.77;
BootStrap: 015.8;
BootStrap: 015.9;
