Distance from 011.24
010.17;0.047264;0.046883;0.045497;0.046988;0.050357;0.053599;0.066652;0.061013;0.073047;0.071735;0.080292;0.119566;0.147340;0.157061;0.154720;0.155622;0.134821;0.119790;0.115200;0.105582;0.095749;0.080076;0.068253;0.065579;0.054261;0.057264;0.059045;0.077387;0.084409;0.090009;0.079474;0.073114;0.065072;0.071547;0.121405;0.117093;0.129739;0.093490;0.091869;0.096329;0.103216;0.079360
010.14;0.069395;0.044924;0.055892;0.052823;0.057527;0.082773;0.082625;0.074030;0.065395;0.058598;0.054120;0.054314;0.057144;0.061526;0.059206;0.053865;0.048711;0.046045;0.040488;0.041716;0.037762;0.052356;0.043271;0.050130;0.038177;0.034011;0.036620;0.061644;0.071804;0.067664;0.068425;0.070484;0.067708;0.060319;0.079610;0.078194;0.096775;0.060600;0.044588;0.059465;0.056837;0.056983
010.34;0.083129;0.083336;0.086065;0.086567;0.078336;0.109772;0.107725;0.110320;0.102749;0.093300;0.097472;0.099384;0.097100;0.119946;0.118276;0.118208;0.122919;0.110372;0.118100;0.117139;0.105260;0.117024;0.105086;0.105706;0.092769;0.069523;0.063982;0.094095;0.089917;0.080844;0.097094;0.088975;0.087591;0.073453;0.086877;0.078936;0.074790;0.040726;0.028954;0.027730;0.010226;0.075206
Distance from 011.24
010.14;0.069395;0.044924;0.055892;0.052823;0.057527;0.082773;0.082625;0.074030;0.065395;0.058598;0.054120;0.054314;0.057144;0.061526;0.059206;0.053865;0.048711;0.046045;0.040488;0.041716;0.037762;0.052356;0.043271;0.050130;0.038177;0.034011;0.036620;0.061644;0.071804;0.067664;0.068425;0.070484;0.067708;0.060319;0.079610;0.078194;0.096775;0.060600;0.044588;0.059465;0.056837;0.056983
010.34;0.083129;0.083336;0.086065;0.086567;0.078336;0.109772;0.107725;0.110320;0.102749;0.093300;0.097472;0.099384;0.097100;0.119946;0.118276;0.118208;0.122919;0.110372;0.118100;0.117139;0.105260;0.117024;0.105086;0.105706;0.092769;0.069523;0.063982;0.094095;0.089917;0.080844;0.097094;0.088975;0.087591;0.073453;0.086877;0.078936;0.074790;0.040726;0.028954;0.027730;0.010226;0.075206
Distance from 011.81
010.14;0.075028;0.061048;0.059311;0.064303;0.075280;0.088601;0.096598;0.091976;0.110136;0.112516;0.098871;0.094531;0.110787;0.120629;0.109719;0.113964;0.129894;0.121503;0.120435;0.128938;0.116653;0.136978;0.140667;0.125428;0.114636;0.086580;0.081185;0.084142;0.082566;0.082843;0.099055;0.080588;0.074703;0.082602;0.095379;0.103798;0.089687;0.085427;0.072501;0.075614;0.076281;0.091167
010.80;0.083908;0.061473;0.063962;0.074381;0.067826;0.080654;0.080721;0.078447;0.078098;0.069924;0.067605;0.055304;0.060030;0.062613;0.054212;0.061437;0.058300;0.051699;0.054704;0.069727;0.058785;0.070711;0.067362;0.065910;0.068627;0.043854;0.053707;0.048666;0.050929;0.040693;0.048122;0.033741;0.038821;0.047765;0.047561;0.044323;0.032854;0.039543;0.039111;0.037479;0.047373;0.057992
Distance from 012.18
011.24;0.015604;0.016057;0.014248;0.011188;0.015502;0.024019;0.022906;0.017638;0.020461;0.021708;0.030146;0.031679;0.037924;0.040174;0.037954;0.040313;0.046020;0.046026;0.038139;0.033563;0.025671;0.027006;0.026285;0.042484;0.032215;0.032997;0.026981;0.043357;0.040076;0.047152;0.049967;0.063916;0.066082;0.059132;0.076178;0.082840;0.096999;0.079513;0.080110;0.077580;0.097868;0.041953
010.14;0.062200;0.039774;0.049569;0.038778;0.038458;0.069293;0.069377;0.069555;0.052323;0.046425;0.043482;0.045214;0.045584;0.048578;0.059138;0.038849;0.037849;0.038378;0.039175;0.046209;0.049513;0.064822;0.061894;0.081199;0.058577;0.055857;0.052983;0.066102;0.081415;0.083738;0.064547;0.048536;0.053276;0.047744;0.048693;0.052889;0.058559;0.053357;0.039231;0.038510;0.055988;0.053633
Distance from 012.18
011.24;0.015604;0.016057;0.014248;0.011188;0.015502;0.024019;0.022906;0.017638;0.020461;0.021708;0.030146;0.031679;0.037924;0.040174;0.037954;0.040313;0.046020;0.046026;0.038139;0.033563;0.025671;0.027006;0.026285;0.042484;0.032215;0.032997;0.026981;0.043357;0.040076;0.047152;0.049967;0.063916;0.066082;0.059132;0.076178;0.082840;0.096999;0.079513;0.080110;0.077580;0.097868;0.041953
010.14;0.062200;0.039774;0.049569;0.038778;0.038458;0.069293;0.069377;0.069555;0.052323;0.046425;0.043482;0.045214;0.045584;0.048578;0.059138;0.038849;0.037849;0.038378;0.039175;0.046209;0.049513;0.064822;0.061894;0.081199;0.058577;0.055857;0.052983;0.066102;0.081415;0.083738;0.064547;0.048536;0.053276;0.047744;0.048693;0.052889;0.058559;0.053357;0.039231;0.038510;0.055988;0.053633
Distance from 012.4
011.95;0.000000;0.000000;0.000000;0.000000;0.000000;0.000000;0.000000;0.000000;0.000000;0.000000;0.000000;0.000000;0.000000;0.000000;0.000000;0.000000;0.000000;0.000000;0.014201;0.016227;0.020302;0.032285;0.043758;0.063383;0.063264;0.078660;0.089437;0.091987;0.087329;0.111848;0.113278;0.104213;0.099410;0.097633;0.101742;0.097863;0.103065;0.114296;0.100257;0.104400;0.118473;0.042483
010.14;0.032223;0.015957;0.026069;0.027118;0.033736;0.035976;0.040385;0.053319;0.069987;0.077949;0.089911;0.099165;0.088001;0.112795;0.111550;0.101595;0.113559;0.085947;0.066180;0.057826;0.045306;0.038020;0.040887;0.020795;0.015833;0.015171;0.006472;0.010259;0.010278;0.015082;0.017126;0.016285;0.016040;0.022277;0.022719;0.030047;0.025956;0.028640;0.033497;0.036461;0.033605;0.043090
Distance from 012.4
011.95;0.000000;0.000000;0.000000;0.000000;0.000000;0.000000;0.000000;0.000000;0.000000;0.000000;0.000000;0.000000;0.000000;0.000000;0.000000;0.000000;0.000000;0.000000;0.014201;0.016227;0.020302;0.032285;0.043758;0.063383;0.063264;0.078660;0.089437;0.091987;0.087329;0.111848;0.113278;0.104213;0.099410;0.097633;0.101742;0.097863;0.103065;0.114296;0.100257;0.104400;0.118473;0.042483
010.14;0.032223;0.015957;0.026069;0.027118;0.033736;0.035976;0.040385;0.053319;0.069987;0.077949;0.089911;0.099165;0.088001;0.112795;0.111550;0.101595;0.113559;0.085947;0.066180;0.057826;0.045306;0.038020;0.040887;0.020795;0.015833;0.015171;0.006472;0.010259;0.010278;0.015082;0.017126;0.016285;0.016040;0.022277;0.022719;0.030047;0.025956;0.028640;0.033497;0.036461;0.033605;0.043090
Distance from 012.53
011.54;0.010919;0.010975;0.010322;0.015896;0.016034;0.017466;0.015093;0.020772;0.028270;0.029054;0.028141;0.034027;0.034387;0.029754;0.026732;0.026319;0.023595;0.015373;0.015936;0.011206;0.011130;0.010287;0.010685;0.010233;0.010405;0.010303;0.011270;0.010701;0.006314;0.006009;0.005875;0.000000;0.005724;0.005584;0.005218;0.005255;0.005139;0.005499;0.005737;0.005263;0.005517;0.012083
010.47;0.032254;0.034656;0.028267;0.027519;0.028180;0.029476;0.015992;0.022321;0.026694;0.023863;0.020546;0.021302;0.021396;0.024843;0.032148;0.037650;0.045348;0.058045;0.057561;0.073735;0.075793;0.079886;0.086982;0.082666;0.073613;0.070736;0.069209;0.049047;0.050234;0.036205;0.037459;0.033920;0.026589;0.027232;0.027051;0.026875;0.034539;0.028762;0.031665;0.035861;0.033234;0.038708
010.14;0.078876;0.067348;0.061269;0.066159;0.059079;0.055505;0.038540;0.047985;0.052917;0.043419;0.027592;0.027109;0.021883;0.024283;0.033480;0.036675;0.039612;0.052036;0.051461;0.052456;0.048907;0.045619;0.052923;0.049312;0.039344;0.035427;0.036574;0.021932;0.015190;0.015876;0.018139;0.022718;0.015077;0.010028;0.010485;0.010593;0.016312;0.009497;0.013795;0.023294;0.026037;0.038673
Distance from 012.60
011.95;0.032711;0.026605;0.041035;0.034595;0.041830;0.041609;0.038517;0.065039;0.079414;0.095897;0.132274;0.137475;0.111342;0.131706;0.119568;0.115353;0.132941;0.106088;0.101433;0.093851;0.064790;0.071672;0.089072;0.096723;0.106372;0.108308;0.103645;0.091390;0.097164;0.118167;0.136788;0.117357;0.099764;0.110603;0.110155;0.093166;0.095221;0.115328;0.106167;0.102517;0.114967;0.091352
010.14;0.052543;0.039334;0.067289;0.061534;0.063256;0.055391;0.063266;0.078837;0.092622;0.102404;0.100145;0.090058;0.058059;0.066799;0.073364;0.071509;0.063931;0.048821;0.043957;0.044304;0.036405;0.050961;0.054345;0.053304;0.046425;0.040233;0.038629;0.034735;0.042248;0.048288;0.045362;0.039001;0.040655;0.059243;0.058966;0.059627;0.065690;0.070420;0.063670;0.054017;0.063544;0.058528
Distance from 012.60
011.95;0.032711;0.026605;0.041035;0.034595;0.041830;0.041609;0.038517;0.065039;0.079414;0.095897;0.132274;0.137475;0.111342;0.131706;0.119568;0.115353;0.132941;0.106088;0.101433;0.093851;0.064790;0.071672;0.089072;0.096723;0.106372;0.108308;0.103645;0.091390;0.097164;0.118167;0.136788;0.117357;0.099764;0.110603;0.110155;0.093166;0.095221;0.115328;0.106167;0.102517;0.114967;0.091352
010.14;0.052543;0.039334;0.067289;0.061534;0.063256;0.055391;0.063266;0.078837;0.092622;0.102404;0.100145;0.090058;0.058059;0.066799;0.073364;0.071509;0.063931;0.048821;0.043957;0.044304;0.036405;0.050961;0.054345;0.053304;0.046425;0.040233;0.038629;0.034735;0.042248;0.048288;0.045362;0.039001;0.040655;0.059243;0.058966;0.059627;0.065690;0.070420;0.063670;0.054017;0.063544;0.058528
Distance from 012.86
011.94;0.056293;0.065457;0.059370;0.059895;0.058672;0.068101;0.076673;0.060354;0.054111;0.063337;0.059097;0.051053;0.050947;0.055797;0.049646;0.045753;0.043442;0.051076;0.069263;0.055439;0.048183;0.046482;0.047240;0.050014;0.052497;0.057440;0.067376;0.075882;0.072156;0.084939;0.092089;0.099809;0.117568;0.114230;0.142780;0.121933;0.117390;0.086906;0.099580;0.093425;0.082629;0.065307
010.14;0.080132;0.074466;0.080190;0.081871;0.073795;0.077421;0.079220;0.069462;0.079426;0.090555;0.075745;0.071236;0.060547;0.081762;0.085170;0.088586;0.112122;0.107686;0.130341;0.115486;0.096330;0.114717;0.115714;0.087956;0.084199;0.076163;0.059264;0.052055;0.026992;0.028429;0.025840;0.021267;0.021845;0.021888;0.035213;0.033739;0.034545;0.027186;0.035294;0.044004;0.049484;0.066152
Distance from 012.86
011.94;0.056293;0.065457;0.059370;0.059895;0.058672;0.068101;0.076673;0.060354;0.054111;0.063337;0.059097;0.051053;0.050947;0.055797;0.049646;0.045753;0.043442;0.051076;0.069263;0.055439;0.048183;0.046482;0.047240;0.050014;0.052497;0.057440;0.067376;0.075882;0.072156;0.084939;0.092089;0.099809;0.117568;0.114230;0.142780;0.121933;0.117390;0.086906;0.099580;0.093425;0.082629;0.065307
010.14;0.080132;0.074466;0.080190;0.081871;0.073795;0.077421;0.079220;0.069462;0.079426;0.090555;0.075745;0.071236;0.060547;0.081762;0.085170;0.088586;0.112122;0.107686;0.130341;0.115486;0.096330;0.114717;0.115714;0.087956;0.084199;0.076163;0.059264;0.052055;0.026992;0.028429;0.025840;0.021267;0.021845;0.021888;0.035213;0.033739;0.034545;0.027186;0.035294;0.044004;0.049484;0.066152
Distance from 012.89
011.94;0.051099;0.046994;0.049365;0.054672;0.054018;0.046335;0.044167;0.037908;0.044545;0.035570;0.026658;0.033432;0.026395;0.024746;0.027705;0.020497;0.021858;0.028248;0.041761;0.040304;0.044478;0.039976;0.044619;0.051338;0.051998;0.064897;0.081265;0.092872;0.079091;0.094193;0.101204;0.099809;0.117568;0.105959;0.117894;0.100136;0.104431;0.076503;0.068275;0.072281;0.069791;0.055854
010.14;0.069572;0.053395;0.067951;0.074857;0.082895;0.066387;0.075042;0.074989;0.101651;0.090648;0.068293;0.080912;0.063472;0.084866;0.079698;0.074241;0.086236;0.080976;0.079803;0.080267;0.079402;0.089725;0.094063;0.070231;0.062737;0.061170;0.055026;0.051067;0.031923;0.034099;0.032002;0.021267;0.021845;0.027207;0.034941;0.032966;0.039361;0.034031;0.027293;0.042903;0.040013;0.058497
Distance from 012.89
011.94;0.051099;0.046994;0.049365;0.054672;0.054018;0.046335;0.044167;0.037908;0.044545;0.035570;0.026658;0.033432;0.026395;0.024746;0.027705;0.020497;0.021858;0.028248;0.041761;0.040304;0.044478;0.039976;0.044619;0.051338;0.051998;0.064897;0.081265;0.092872;0.079091;0.094193;0.101204;0.099809;0.117568;0.105959;0.117894;0.100136;0.104431;0.076503;0.068275;0.072281;0.069791;0.055854
010.14;0.069572;0.053395;0.067951;0.074857;0.082895;0.066387;0.075042;0.074989;0.101651;0.090648;0.068293;0.080912;0.063472;0.084866;0.079698;0.074241;0.086236;0.080976;0.079803;0.080267;0.079402;0.089725;0.094063;0.070231;0.062737;0.061170;0.055026;0.051067;0.031923;0.034099;0.032002;0.021267;0.021845;0.027207;0.034941;0.032966;0.039361;0.034031;0.027293;0.042903;0.040013;0.058497
Distance from 013.39
011.37;0.042778;0.046471;0.040011;0.038240;0.046501;0.038102;0.041886;0.033437;0.041206;0.040459;0.033188;0.031644;0.052401;0.043418;0.058339;0.061792;0.064616;0.066759;0.059028;0.056333;0.053772;0.053383;0.032758;0.046627;0.035778;0.028311;0.027828;0.028094;0.032911;0.039877;0.045691;0.038709;0.046633;0.036658;0.028746;0.026965;0.035537;0.036203;0.037247;0.028371;0.034566;0.039824
010.33;0.062689;0.061123;0.051894;0.056935;0.058872;0.042330;0.047366;0.050688;0.041515;0.040714;0.031686;0.032354;0.044886;0.032567;0.049417;0.056132;0.057770;0.051975;0.058174;0.064409;0.058074;0.051981;0.039154;0.054765;0.036704;0.030619;0.028734;0.028018;0.027077;0.027261;0.027812;0.033994;0.040592;0.034498;0.047228;0.052053;0.069178;0.068130;0.071308;0.062367;0.060276;0.046656
Distance from 013.39
011.37;0.042778;0.046471;0.040011;0.038240;0.046501;0.038102;0.041886;0.033437;0.041206;0.040459;0.033188;0.031644;0.052401;0.043418;0.058339;0.061792;0.064616;0.066759;0.059028;0.056333;0.053772;0.053383;0.032758;0.046627;0.035778;0.028311;0.027828;0.028094;0.032911;0.039877;0.045691;0.038709;0.046633;0.036658;0.028746;0.026965;0.035537;0.036203;0.037247;0.028371;0.034566;0.039824
010.33;0.062689;0.061123;0.051894;0.056935;0.058872;0.042330;0.047366;0.050688;0.041515;0.040714;0.031686;0.032354;0.044886;0.032567;0.049417;0.056132;0.057770;0.051975;0.058174;0.064409;0.058074;0.051981;0.039154;0.054765;0.036704;0.030619;0.028734;0.028018;0.027077;0.027261;0.027812;0.033994;0.040592;0.034498;0.047228;0.052053;0.069178;0.068130;0.071308;0.062367;0.060276;0.046656
Distance from 013.66
012.60;0.034090;0.045757;0.058354;0.052545;0.059255;0.051219;0.051500;0.061431;0.064578;0.068727;0.076342;0.064832;0.064355;0.066797;0.058185;0.048639;0.047676;0.051508;0.046737;0.036241;0.027098;0.021661;0.010236;0.015655;0.017840;0.015211;0.015810;0.015857;0.020716;0.025438;0.033751;0.032829;0.031986;0.033110;0.040033;0.046244;0.040384;0.037664;0.040245;0.046148;0.046947;0.042041
011.94;0.041042;0.052311;0.052302;0.044201;0.045934;0.052930;0.049892;0.063376;0.084701;0.096540;0.106385;0.093282;0.091776;0.109180;0.116454;0.099105;0.113987;0.108120;0.093538;0.087976;0.080487;0.090546;0.098845;0.089155;0.089201;0.093899;0.088842;0.098352;0.114854;0.125189;0.148502;0.131007;0.139350;0.169577;0.176466;0.163426;0.160316;0.132855;0.110446;0.102052;0.109163;0.091607
Distance from 013.93
011.94;0.031845;0.027073;0.032607;0.034160;0.038765;0.042012;0.041747;0.041342;0.033071;0.028627;0.027585;0.023180;0.016729;0.011819;0.010988;0.004872;0.005135;0.010903;0.016050;0.016020;0.020625;0.027728;0.032127;0.039350;0.039706;0.051438;0.067422;0.076167;0.078717;0.092409;0.098950;0.099809;0.125845;0.124444;0.131083;0.111309;0.106844;0.078480;0.071993;0.066596;0.063850;0.046477
010.33;0.060687;0.052425;0.057675;0.062864;0.050024;0.048904;0.058073;0.068559;0.080141;0.069429;0.069886;0.067128;0.064137;0.072293;0.075724;0.071463;0.083023;0.061900;0.055524;0.049187;0.043722;0.053995;0.053441;0.046263;0.041268;0.033705;0.027241;0.037461;0.033054;0.032917;0.045204;0.051057;0.059034;0.052849;0.070112;0.072038;0.079152;0.060756;0.061200;0.068641;0.050904;0.055546
012.89;0.074594;0.067790;0.076706;0.083558;0.087698;0.067828;0.069084;0.060687;0.057070;0.042631;0.033398;0.047496;0.033820;0.025475;0.015574;0.015086;0.016022;0.029021;0.034137;0.034573;0.036138;0.033831;0.033914;0.032886;0.034800;0.033079;0.038144;0.022675;0.009436;0.010952;0.010106;0.000000;0.004679;0.010185;0.015999;0.015304;0.021673;0.023959;0.022806;0.029493;0.028009;0.036040
Distance from 013.93
011.94;0.031845;0.027073;0.032607;0.034160;0.038765;0.042012;0.041747;0.041342;0.033071;0.028627;0.027585;0.023180;0.016729;0.011819;0.010988;0.004872;0.005135;0.010903;0.016050;0.016020;0.020625;0.027728;0.032127;0.039350;0.039706;0.051438;0.067422;0.076167;0.078717;0.092409;0.098950;0.099809;0.125845;0.124444;0.131083;0.111309;0.106844;0.078480;0.071993;0.066596;0.063850;0.046477
012.89;0.074594;0.067790;0.076706;0.083558;0.087698;0.067828;0.069084;0.060687;0.057070;0.042631;0.033398;0.047496;0.033820;0.025475;0.015574;0.015086;0.016022;0.029021;0.034137;0.034573;0.036138;0.033831;0.033914;0.032886;0.034800;0.033079;0.038144;0.022675;0.009436;0.010952;0.010106;0.000000;0.004679;0.010185;0.015999;0.015304;0.021673;0.023959;0.022806;0.029493;0.028009;0.036040
Distance from 014.10
013.93;0.063740;0.086648;0.076662;0.078895;0.084116;0.076542;0.063121;0.059847;0.056978;0.044290;0.051652;0.039064;0.054259;0.078649;0.070079;0.064266;0.077819;0.129061;0.127504;0.140667;0.115155;0.128890;0.127787;0.116464;0.109551;0.114646;0.112099;0.079562;0.082100;0.089138;0.102036;0.094796;0.085023;0.082980;0.092866;0.122548;0.124671;0.124105;0.097821;0.112775;0.097848;0.082900
013.11;0.129353;0.133689;0.139351;0.146142;0.145016;0.126872;0.122404;0.153775;0.165491;0.144544;0.129246;0.110375;0.112880;0.110406;0.095419;0.088327;0.078769;0.081436;0.054476;0.063568;0.043470;0.036497;0.040520;0.041147;0.038889;0.041785;0.041707;0.028868;0.032296;0.034239;0.040490;0.041322;0.028496;0.026047;0.033091;0.058876;0.073913;0.079188;0.064304;0.060204;0.056222;0.075779
Distance from 014.10
013.93;0.063740;0.086648;0.076662;0.078895;0.084116;0.076542;0.063121;0.059847;0.056978;0.044290;0.051652;0.039064;0.054259;0.078649;0.070079;0.064266;0.077819;0.129061;0.127504;0.140667;0.115155;0.128890;0.127787;0.116464;0.109551;0.114646;0.112099;0.079562;0.082100;0.089138;0.102036;0.094796;0.085023;0.082980;0.092866;0.122548;0.124671;0.124105;0.097821;0.112775;0.097848;0.082900
013.11;0.129353;0.133689;0.139351;0.146142;0.145016;0.126872;0.122404;0.153775;0.165491;0.144544;0.129246;0.110375;0.112880;0.110406;0.095419;0.088327;0.078769;0.081436;0.054476;0.063568;0.043470;0.036497;0.040520;0.041147;0.038889;0.041785;0.041707;0.028868;0.032296;0.034239;0.040490;0.041322;0.028496;0.026047;0.033091;0.058876;0.073913;0.079188;0.064304;0.060204;0.056222;0.075779
Distance from 014.19
011.24;0.024863;0.025758;0.031579;0.030773;0.031375;0.036453;0.038392;0.030132;0.023147;0.022468;0.015892;0.011395;0.017206;0.021409;0.027097;0.020164;0.022237;0.050320;0.055605;0.067975;0.080398;0.104703;0.117171;0.122227;0.103284;0.132195;0.134361;0.120704;0.137261;0.137182;0.133633;0.140894;0.118816;0.103547;0.136069;0.123380;0.134785;0.110997;0.086582;0.105977;0.108636;0.066563
012.53;0.114721;0.114624;0.113422;0.131054;0.127520;0.155416;0.137239;0.126534;0.136988;0.117710;0.097607;0.092195;0.108956;0.116297;0.116586;0.108109;0.106675;0.107246;0.093981;0.089702;0.088972;0.086844;0.091875;0.074701;0.058541;0.051757;0.051015;0.037681;0.048722;0.052092;0.048599;0.059998;0.038529;0.040204;0.046541;0.039751;0.039587;0.048678;0.039592;0.055266;0.052805;0.077734
Distance from 014.19
011.24;0.024863;0.025758;0.031579;0.030773;0.031375;0.036453;0.038392;0.030132;0.023147;0.022468;0.015892;0.011395;0.017206;0.021409;0.027097;0.020164;0.022237;0.050320;0.055605;0.067975;0.080398;0.104703;0.117171;0.122227;0.103284;0.132195;0.134361;0.120704;0.137261;0.137182;0.133633;0.140894;0.118816;0.103547;0.136069;0.123380;0.134785;0.110997;0.086582;0.105977;0.108636;0.066563
012.53;0.114721;0.114624;0.113422;0.131054;0.127520;0.155416;0.137239;0.126534;0.136988;0.117710;0.097607;0.092195;0.108956;0.116297;0.116586;0.108109;0.106675;0.107246;0.093981;0.089702;0.088972;0.086844;0.091875;0.074701;0.058541;0.051757;0.051015;0.037681;0.048722;0.052092;0.048599;0.059998;0.038529;0.040204;0.046541;0.039751;0.039587;0.048678;0.039592;0.055266;0.052805;0.077734
Distance from 014.61
012.4;0.043126;0.060262;0.058074;0.066780;0.060252;0.078405;0.073706;0.092452;0.107657;0.123857;0.141329;0.131974;0.115530;0.117925;0.125991;0.122909;0.145872;0.125170;0.102718;0.098095;0.082556;0.095670;0.112198;0.096958;0.082590;0.093609;0.083582;0.075700;0.076955;0.090567;0.097959;0.083839;0.089492;0.122209;0.143600;0.133768;0.128648;0.168473;0.175604;0.182393;0.182927;0.103784
012.60;0.045229;0.067654;0.083634;0.094834;0.093456;0.086810;0.081663;0.084284;0.087923;0.086308;0.087681;0.059415;0.052998;0.038555;0.039188;0.037344;0.039718;0.043155;0.040970;0.037311;0.032852;0.041548;0.046442;0.054646;0.048735;0.058707;0.064627;0.060694;0.050676;0.050719;0.060046;0.056406;0.048146;0.044679;0.062325;0.047477;0.040078;0.062368;0.080654;0.101065;0.091169;0.061171
Distance from 014.61
012.4;0.043126;0.060262;0.058074;0.066780;0.060252;0.078405;0.073706;0.092452;0.107657;0.123857;0.141329;0.131974;0.115530;0.117925;0.125991;0.122909;0.145872;0.125170;0.102718;0.098095;0.082556;0.095670;0.112198;0.096958;0.082590;0.093609;0.083582;0.075700;0.076955;0.090567;0.097959;0.083839;0.089492;0.122209;0.143600;0.133768;0.128648;0.168473;0.175604;0.182393;0.182927;0.103784
012.60;0.045229;0.067654;0.083634;0.094834;0.093456;0.086810;0.081663;0.084284;0.087923;0.086308;0.087681;0.059415;0.052998;0.038555;0.039188;0.037344;0.039718;0.043155;0.040970;0.037311;0.032852;0.041548;0.046442;0.054646;0.048735;0.058707;0.064627;0.060694;0.050676;0.050719;0.060046;0.056406;0.048146;0.044679;0.062325;0.047477;0.040078;0.062368;0.080654;0.101065;0.091169;0.061171
Distance from 014.63
012.4;0.033337;0.026707;0.027352;0.028841;0.027807;0.041063;0.037596;0.039306;0.049167;0.061938;0.072935;0.106174;0.091313;0.084988;0.084009;0.067501;0.069721;0.058930;0.057774;0.060564;0.042283;0.033558;0.045298;0.048932;0.046554;0.052890;0.069380;0.077929;0.076733;0.087690;0.111095;0.096794;0.092096;0.117812;0.115553;0.123880;0.107489;0.110163;0.098610;0.091915;0.088242;0.066739
012.89;0.070846;0.065640;0.068545;0.075606;0.090250;0.091062;0.086397;0.073053;0.079379;0.070057;0.055401;0.059901;0.047173;0.038878;0.021097;0.011057;0.011592;0.016589;0.020537;0.027889;0.021475;0.038456;0.053640;0.051687;0.051457;0.059838;0.075429;0.071603;0.065582;0.070155;0.086231;0.062815;0.060230;0.078902;0.084054;0.077636;0.072044;0.069061;0.060218;0.062950;0.068587;0.060109
012.60;0.035104;0.032107;0.048090;0.049733;0.055110;0.048665;0.044621;0.059608;0.092748;0.103918;0.105444;0.113111;0.102485;0.109460;0.102357;0.103267;0.121221;0.106567;0.077331;0.068746;0.057734;0.045405;0.047995;0.039387;0.044999;0.036620;0.040057;0.035120;0.026404;0.025390;0.040654;0.040542;0.033212;0.036666;0.038733;0.031536;0.020906;0.027823;0.033689;0.047725;0.040859;0.053237
Distance from 014.63
012.4;0.033337;0.026707;0.027352;0.028841;0.027807;0.041063;0.037596;0.039306;0.049167;0.061938;0.072935;0.106174;0.091313;0.084988;0.084009;0.067501;0.069721;0.058930;0.057774;0.060564;0.042283;0.033558;0.045298;0.048932;0.046554;0.052890;0.069380;0.077929;0.076733;0.087690;0.111095;0.096794;0.092096;0.117812;0.115553;0.123880;0.107489;0.110163;0.098610;0.091915;0.088242;0.066739
012.89;0.070846;0.065640;0.068545;0.075606;0.090250;0.091062;0.086397;0.073053;0.079379;0.070057;0.055401;0.059901;0.047173;0.038878;0.021097;0.011057;0.011592;0.016589;0.020537;0.027889;0.021475;0.038456;0.053640;0.051687;0.051457;0.059838;0.075429;0.071603;0.065582;0.070155;0.086231;0.062815;0.060230;0.078902;0.084054;0.077636;0.072044;0.069061;0.060218;0.062950;0.068587;0.060109
012.60;0.035104;0.032107;0.048090;0.049733;0.055110;0.048665;0.044621;0.059608;0.092748;0.103918;0.105444;0.113111;0.102485;0.109460;0.102357;0.103267;0.121221;0.106567;0.077331;0.068746;0.057734;0.045405;0.047995;0.039387;0.044999;0.036620;0.040057;0.035120;0.026404;0.025390;0.040654;0.040542;0.033212;0.036666;0.038733;0.031536;0.020906;0.027823;0.033689;0.047725;0.040859;0.053237
Distance from 015.6
014.32;0.015187;0.015321;0.016322;0.015615;0.010459;0.005681;0.006290;0.005396;0.004885;0.005646;0.010339;0.021503;0.033587;0.038116;0.051858;0.051766;0.048612;0.043374;0.047186;0.044681;0.038988;0.029984;0.016698;0.016031;0.005681;0.011328;0.009692;0.022417;0.019774;0.032625;0.071246;0.097849;0.131824;0.139141;0.161335;0.165890;0.173016;0.158389;0.169678;0.163317;0.129805;0.049548
010.14;0.090421;0.081582;0.090570;0.099371;0.094245;0.091413;0.105749;0.106669;0.121003;0.112773;0.117959;0.143362;0.143060;0.163855;0.176685;0.166598;0.144403;0.140274;0.140948;0.128435;0.102005;0.087032;0.074088;0.073880;0.054617;0.064565;0.054456;0.073144;0.054025;0.065054;0.078361;0.086820;0.096099;0.080501;0.083059;0.086113;0.092411;0.080081;0.092322;0.088767;0.089605;0.097581
Distance from 015.6
014.32;0.015187;0.015321;0.016322;0.015615;0.010459;0.005681;0.006290;0.005396;0.004885;0.005646;0.010339;0.021503;0.033587;0.038116;0.051858;0.051766;0.048612;0.043374;0.047186;0.044681;0.038988;0.029984;0.016698;0.016031;0.005681;0.011328;0.009692;0.022417;0.019774;0.032625;0.071246;0.097849;0.131824;0.139141;0.161335;0.165890;0.173016;0.158389;0.169678;0.163317;0.129805;0.049548
010.14;0.090421;0.081582;0.090570;0.099371;0.094245;0.091413;0.105749;0.106669;0.121003;0.112773;0.117959;0.143362;0.143060;0.163855;0.176685;0.166598;0.144403;0.140274;0.140948;0.128435;0.102005;0.087032;0.074088;0.073880;0.054617;0.064565;0.054456;0.073144;0.054025;0.065054;0.078361;0.086820;0.096099;0.080501;0.083059;0.086113;0.092411;0.080081;0.092322;0.088767;0.089605;0.097581
Distance from 015.62
012.86;0.030190;0.039019;0.038738;0.035021;0.033178;0.020816;0.026829;0.037102;0.040854;0.065481;0.089380;0.094366;0.090399;0.093053;0.111160;0.132714;0.154917;0.165220;0.173560;0.151789;0.117316;0.125371;0.130932;0.116228;0.103789;0.102741;0.091764;0.079072;0.066569;0.064609;0.086719;0.067624;0.089201;0.112353;0.136537;0.129610;0.125790;0.115420;0.116501;0.110437;0.107128;0.083882
012.89;0.103792;0.124232;0.107082;0.102412;0.106507;0.079207;0.094624;0.101442;0.088245;0.097830;0.098897;0.081505;0.075011;0.080046;0.081656;0.083327;0.084842;0.092088;0.100516;0.093211;0.079168;0.101540;0.111427;0.099013;0.083952;0.090090;0.088418;0.079545;0.072618;0.071104;0.093887;0.067624;0.089201;0.120529;0.134737;0.126832;0.131657;0.124538;0.104180;0.107763;0.104827;0.096179
014.63;0.083307;0.102882;0.115264;0.110890;0.109264;0.116791;0.130159;0.114715;0.098718;0.116138;0.114528;0.099195;0.075665;0.074645;0.079857;0.068254;0.068528;0.068725;0.071739;0.056989;0.052514;0.052602;0.058889;0.050699;0.038664;0.034975;0.021929;0.017832;0.016379;0.010773;0.017755;0.017287;0.021781;0.029471;0.034942;0.034307;0.041564;0.038579;0.033058;0.032363;0.027061;0.056432
Distance from 015.62
012.86;0.030190;0.039019;0.038738;0.035021;0.033178;0.020816;0.026829;0.037102;0.040854;0.065481;0.089380;0.094366;0.090399;0.093053;0.111160;0.132714;0.154917;0.165220;0.173560;0.151789;0.117316;0.125371;0.130932;0.116228;0.103789;0.102741;0.091764;0.079072;0.066569;0.064609;0.086719;0.067624;0.089201;0.112353;0.136537;0.129610;0.125790;0.115420;0.116501;0.110437;0.107128;0.083882
014.63;0.083307;0.102882;0.115264;0.110890;0.109264;0.116791;0.130159;0.114715;0.098718;0.116138;0.114528;0.099195;0.075665;0.074645;0.079857;0.068254;0.068528;0.068725;0.071739;0.056989;0.052514;0.052602;0.058889;0.050699;0.038664;0.034975;0.021929;0.017832;0.016379;0.010773;0.017755;0.017287;0.021781;0.029471;0.034942;0.034307;0.041564;0.038579;0.033058;0.032363;0.027061;0.056432
