011.0;010.1;0.023565;100
011.12;010.14;0.012432;100
Recombinant:011.24;010.14|790|010.34;93;
011.37;010.33;0.029651;97
011.54;010.14;0.045449;69
011.81;010.80;0.057992;100
011.94;010.14;0.062269;82
011.95;010.14;0.073333;53
012.18;011.24;0.041953;93
Recombinant:012.4;011.95|530|010.14;98;
012.53;011.54;0.012083;100
Recombinant:012.60;011.95|290|010.14;94;
012.72;010.80;0.010797;100
012.73;010.80;0.030805;100
Recombinant:012.86;011.94|610|010.14;92;
Recombinant:012.89;011.94|590|010.14;96;
013.11;011.12;0.006719;100
013.38;011.37;0.064616;84
013.39;011.37;0.039824;88
013.52;012.53;0.022873;100
013.66;012.60;0.042041;100
013.75;010.80;0.049295;100
013.85;012.86;0.026018;100
013.93;012.89;0.036040;60
Recombinant:014.10;013.93|410|013.11;98;
Recombinant:014.19;011.24|510|012.53;97;
014.22;011.24;0.019749;100
014.32;010.33;0.043141;100
014.44;010.47;0.108101;69
014.46;010.47;0.022549;100
Recombinant:014.61;012.4|230|012.60;94;
014.63;013.93;0.049066;67
015.21;014.46;0.027817;100
015.30;010.33;0.066040;100
Recombinant:015.6;014.32|710|010.14;97;
Recombinant:015.62;012.86|330|014.63;97;
015.76;010.80;0.042291;100
015.77;010.80;0.045955;100
015.8;014.10;0.009142;100
015.9;014.10;0.009568;100

(010.1:0.0,011.0:0.023565);

(010.14:0.000000,(011.12:0.008532,((015.6:0.086735,011.24:0.046232):0.001373,((((012.4:0.017029,(011.94:0.012598,011.95:0.018276):0.017105):0.004875,(012.89:0.014770,012.86:0.025738):0.012968):0.009214,012.60:0.040773):0.005743,011.54:0.032251):0.003116):0.005616):0.003900);

(010.33:0.000000,((014.32:0.041100,011.37:0.029673):0.001009,015.30:0.066040):0.000000);

(010.34:0.0,011.24:0.075206);

(010.47:0.000000,(014.46:0.022549,014.44:0.108101):0.000000);

(010.80:0.000000,(011.81:0.060423,(((015.77:0.003881,015.76:0.000000):0.031928,013.75:0.037583):0.012035,(012.72:0.004886,012.73:0.026008):0.005873):0.001720):-0.002431);

(011.12:0.0,013.11:0.006719);

(011.24:0.000000,(014.22:0.014917,(014.19:0.046327,012.18:0.035003):0.008761):0.004832);

(011.37:0.000000,(013.39:0.011723,013.38:0.036516):0.028100);

(011.54:0.0,012.53:0.012083);

(011.94:0.000000,(012.86:0.024980,012.89:0.015528):0.040326);

(011.95:0.000000,(012.60:0.063729,012.4:0.014860):0.027623);

(012.4:0.0,014.61:0.103784);

(012.53:0.000000,(014.19:0.077734,013.52:0.022873):0.000000);

(012.60:0.000000,(014.61:0.043446,013.66:0.024316):0.017725);

(012.86:0.000000,(015.62:0.083882,013.85:0.026018):0.000000);

(012.89:0.0,013.93:0.036040);

(013.11:0.0,014.10:0.075779);

(013.93:0.000000,(014.63:0.045674,014.10:0.079508):0.003392);

(014.10:0.000000,(015.8:0.008089,015.9:0.008516):0.001053);

(014.32:0.0,015.6:0.049548);

(014.46:0.0,015.21:0.027817);

(014.63:0.0,015.62:0.056432);

